T0.2 clean install log
Date: 2026-10-04
Interpreter: Python 3.14.4
Host: macOS arm64
Command: make install

python -m pip install --requirement requirements.lock
Collecting altair==6.3.0 (from -r requirements.lock (line 4))
  Using cached altair-6.3.0-py3-none-any.whl.metadata (11 kB)
Collecting anyio==4.15.1 (from -r requirements.lock (line 5))
  Using cached anyio-4.15.1-py3-none-any.whl.metadata (4.7 kB)
Collecting attrs==26.1.0 (from -r requirements.lock (line 6))
  Using cached attrs-26.1.0-py3-none-any.whl.metadata (8.8 kB)
Collecting certifi==2026.7.22 (from -r requirements.lock (line 7))
  Using cached certifi-2026.7.22-py3-none-any.whl.metadata (2.5 kB)
Collecting cfgv==3.5.0 (from -r requirements.lock (line 8))
  Using cached cfgv-3.5.0-py2.py3-none-any.whl.metadata (8.9 kB)
Collecting charset-normalizer==3.5.2 (from -r requirements.lock (line 9))
  Using cached charset_normalizer-3.5.2-cp314-cp314-macosx_10_15_universal2.whl.metadata (46 kB)
Collecting click==8.5.0 (from -r requirements.lock (line 10))
  Using cached click-8.5.0-py3-none-any.whl.metadata (2.6 kB)
Collecting cloudpickle==3.1.2 (from -r requirements.lock (line 11))
  Using cached cloudpickle-3.1.2-py3-none-any.whl.metadata (7.1 kB)
Collecting coverage==7.16.2 (from -r requirements.lock (line 12))
  Using cached coverage-7.16.2-cp314-cp314-macosx_11_0_arm64.whl.metadata (8.2 kB)
Collecting distlib==0.4.3 (from -r requirements.lock (line 13))
  Using cached distlib-0.4.3-py2.py3-none-any.whl.metadata (5.3 kB)
Collecting duckdb==1.5.6 (from -r requirements.lock (line 14))
  Using cached duckdb-1.5.6-cp314-cp314-macosx_11_0_arm64.whl.metadata (4.2 kB)
Collecting filelock==4.0.10 (from -r requirements.lock (line 15))
  Using cached filelock-4.0.10-py3-none-any.whl.metadata (2.0 kB)
Collecting h11==0.16.0 (from -r requirements.lock (line 16))
  Using cached h11-0.16.0-py3-none-any.whl.metadata (8.3 kB)
Collecting httptools==0.8.0 (from -r requirements.lock (line 17))
  Using cached httptools-0.8.0-cp314-cp314-macosx_11_0_arm64.whl.metadata (3.5 kB)
Collecting identify==2.6.20 (from -r requirements.lock (line 18))
  Using cached identify-2.6.20-py2.py3-none-any.whl.metadata (4.4 kB)
Collecting idna==3.20 (from -r requirements.lock (line 19))
  Using cached idna-3.20-py3-none-any.whl.metadata (7.2 kB)
Collecting iniconfig==2.3.0 (from -r requirements.lock (line 20))
  Using cached iniconfig-2.3.0-py3-none-any.whl.metadata (2.5 kB)
Collecting itsdangerous==2.2.0 (from -r requirements.lock (line 21))
  Using cached itsdangerous-2.2.0-py3-none-any.whl.metadata (1.9 kB)
Collecting Jinja2==3.1.6 (from -r requirements.lock (line 22))
  Using cached jinja2-3.1.6-py3-none-any.whl.metadata (2.9 kB)
Collecting joblib==1.6.0 (from -r requirements.lock (line 23))
  Using cached joblib-1.6.0-py3-none-any.whl.metadata (6.5 kB)
Collecting jsonschema-specifications==2025.9.1 (from -r requirements.lock (line 24))
  Using cached jsonschema_specifications-2025.9.1-py3-none-any.whl.metadata (2.9 kB)
Collecting jsonschema==4.26.0 (from -r requirements.lock (line 25))
  Using cached jsonschema-4.26.0-py3-none-any.whl.metadata (7.6 kB)
Collecting MarkupSafe==3.0.4 (from -r requirements.lock (line 26))
  Using cached markupsafe-3.0.4-cp314-cp314-macosx_11_0_arm64.whl.metadata (2.7 kB)
Collecting narwhals==2.26.0 (from -r requirements.lock (line 27))
  Using cached narwhals-2.26.0-py3-none-any.whl.metadata (15 kB)
Collecting nodeenv==1.11.0 (from -r requirements.lock (line 28))
  Using cached nodeenv-1.11.0-py2.py3-none-any.whl.metadata (40 kB)
Collecting numpy==2.5.3 (from -r requirements.lock (line 29))
  Using cached numpy-2.5.3-cp314-cp314-macosx_14_0_arm64.whl.metadata (6.6 kB)
Collecting packaging==26.3 (from -r requirements.lock (line 30))
  Using cached packaging-26.3-py3-none-any.whl.metadata (3.5 kB)
Collecting pandas==3.0.6 (from -r requirements.lock (line 31))
  Using cached pandas-3.0.6-cp314-cp314-macosx_11_0_arm64.whl.metadata (79 kB)
Collecting pillow==12.3.0 (from -r requirements.lock (line 32))
  Using cached pillow-12.3.0-cp314-cp314-macosx_11_0_arm64.whl.metadata (9.1 kB)
Requirement already satisfied: pip==26.0.1 in <temporary-venv>/lib/python3.14/site-packages (from -r requirements.lock (line 33)) (26.0.1)
Collecting platformdirs==4.12.3 (from -r requirements.lock (line 34))
  Using cached platformdirs-4.12.3-py3-none-any.whl.metadata (5.5 kB)
Collecting pluggy==1.6.0 (from -r requirements.lock (line 35))
  Using cached pluggy-1.6.0-py3-none-any.whl.metadata (4.8 kB)
Collecting pre_commit==4.6.2 (from -r requirements.lock (line 36))
  Using cached pre_commit-4.6.2-py2.py3-none-any.whl.metadata (1.2 kB)
Collecting protobuf==7.36.2 (from -r requirements.lock (line 37))
  Using cached protobuf-7.36.2-cp310-abi3-macosx_10_9_universal2.whl.metadata (595 bytes)
Collecting pyarrow==25.0.1 (from -r requirements.lock (line 38))
  Using cached pyarrow-25.0.1-cp314-cp314-macosx_12_0_arm64.whl.metadata (3.0 kB)
Collecting pydeck==0.9.3 (from -r requirements.lock (line 39))
  Using cached pydeck-0.9.3-py2.py3-none-any.whl.metadata (4.2 kB)
Collecting Pygments==2.21.0 (from -r requirements.lock (line 40))
  Using cached pygments-2.21.0-py3-none-any.whl.metadata (2.5 kB)
Collecting pytest-cov==7.1.0 (from -r requirements.lock (line 41))
  Using cached pytest_cov-7.1.0-py3-none-any.whl.metadata (32 kB)
Collecting pytest==9.1.1 (from -r requirements.lock (line 42))
  Using cached pytest-9.1.1-py3-none-any.whl.metadata (7.6 kB)
Collecting python-dateutil==2.9.0.post0 (from -r requirements.lock (line 43))
  Using cached python_dateutil-2.9.0.post0-py2.py3-none-any.whl.metadata (8.4 kB)
Collecting python-discovery==1.6.1 (from -r requirements.lock (line 44))
  Using cached python_discovery-1.6.1-py3-none-any.whl.metadata (5.1 kB)
Collecting python-multipart==0.0.32 (from -r requirements.lock (line 45))
  Using cached python_multipart-0.0.32-py3-none-any.whl.metadata (2.1 kB)
Collecting PyYAML==6.0.3 (from -r requirements.lock (line 46))
  Using cached pyyaml-6.0.3-cp314-cp314-macosx_11_0_arm64.whl.metadata (2.4 kB)
Collecting referencing==0.37.0 (from -r requirements.lock (line 47))
  Using cached referencing-0.37.0-py3-none-any.whl.metadata (2.8 kB)
Collecting requests==2.34.2 (from -r requirements.lock (line 48))
  Using cached requests-2.34.2-py3-none-any.whl.metadata (4.8 kB)
Collecting rpds-py==2026.6.3 (from -r requirements.lock (line 49))
  Using cached rpds_py-2026.6.3-cp314-cp314-macosx_11_0_arm64.whl.metadata (4.1 kB)
Collecting ruff==0.16.10 (from -r requirements.lock (line 50))
  Using cached ruff-0.16.10-py3-none-macosx_11_0_arm64.whl.metadata (20 kB)
Collecting scikit-learn==1.9.1 (from -r requirements.lock (line 51))
  Using cached scikit_learn-1.9.1-cp314-cp314-macosx_12_0_arm64.whl.metadata (9.3 kB)
Collecting scipy==1.18.1 (from -r requirements.lock (line 52))
  Using cached scipy-1.18.1-cp314-cp314-macosx_14_0_arm64.whl.metadata (62 kB)
Collecting setuptools==81.0.0 (from -r requirements.lock (line 53))
  Downloading setuptools-81.0.0-py3-none-any.whl.metadata (6.6 kB)
Collecting six==1.17.0 (from -r requirements.lock (line 54))
  Using cached six-1.17.0-py2.py3-none-any.whl.metadata (1.7 kB)
Collecting starlette==1.7.0 (from -r requirements.lock (line 55))
  Using cached starlette-1.7.0-py3-none-any.whl.metadata (6.6 kB)
Collecting streamlit==1.65.0 (from -r requirements.lock (line 56))
  Using cached streamlit-1.65.0-py3-none-any.whl.metadata (10 kB)
Collecting threadpoolctl==3.7.0 (from -r requirements.lock (line 57))
  Using cached threadpoolctl-3.7.0-py3-none-any.whl.metadata (24 kB)
Collecting toml==0.10.2 (from -r requirements.lock (line 58))
  Using cached toml-0.10.2-py2.py3-none-any.whl.metadata (7.1 kB)
Collecting typing_extensions==4.16.0 (from -r requirements.lock (line 59))
  Using cached typing_extensions-4.16.0-py3-none-any.whl.metadata (3.3 kB)
Collecting urllib3==2.8.0 (from -r requirements.lock (line 60))
  Using cached urllib3-2.8.0-py3-none-any.whl.metadata (7.4 kB)
Collecting uvicorn==0.54.0 (from -r requirements.lock (line 61))
  Using cached uvicorn-0.54.0-py3-none-any.whl.metadata (6.6 kB)
Collecting virtualenv==21.14.5 (from -r requirements.lock (line 62))
  Using cached virtualenv-21.14.5-py3-none-any.whl.metadata (4.1 kB)
Collecting websockets==17.2 (from -r requirements.lock (line 63))
  Using cached websockets-17.2-cp314-cp314-macosx_11_0_arm64.whl.metadata (6.3 kB)
Using cached altair-6.3.0-py3-none-any.whl (797 kB)
Using cached anyio-4.15.1-py3-none-any.whl (132 kB)
Using cached attrs-26.1.0-py3-none-any.whl (67 kB)
Using cached certifi-2026.7.22-py3-none-any.whl (136 kB)
Using cached cfgv-3.5.0-py2.py3-none-any.whl (7.4 kB)
Using cached charset_normalizer-3.5.2-cp314-cp314-macosx_10_15_universal2.whl (367 kB)
Using cached click-8.5.0-py3-none-any.whl (125 kB)
Using cached cloudpickle-3.1.2-py3-none-any.whl (22 kB)
Using cached coverage-7.16.2-cp314-cp314-macosx_11_0_arm64.whl (224 kB)
Using cached distlib-0.4.3-py2.py3-none-any.whl (470 kB)
Using cached duckdb-1.5.6-cp314-cp314-macosx_11_0_arm64.whl (15.5 MB)
Using cached filelock-4.0.10-py3-none-any.whl (111 kB)
Using cached h11-0.16.0-py3-none-any.whl (37 kB)
Using cached httptools-0.8.0-cp314-cp314-macosx_11_0_arm64.whl (112 kB)
Using cached identify-2.6.20-py2.py3-none-any.whl (99 kB)
Using cached idna-3.20-py3-none-any.whl (69 kB)
Using cached iniconfig-2.3.0-py3-none-any.whl (7.5 kB)
Using cached itsdangerous-2.2.0-py3-none-any.whl (16 kB)
Using cached jinja2-3.1.6-py3-none-any.whl (134 kB)
Using cached joblib-1.6.0-py3-none-any.whl (306 kB)
Using cached jsonschema_specifications-2025.9.1-py3-none-any.whl (18 kB)
Using cached jsonschema-4.26.0-py3-none-any.whl (90 kB)
Using cached markupsafe-3.0.4-cp314-cp314-macosx_11_0_arm64.whl (12 kB)
Using cached narwhals-2.26.0-py3-none-any.whl (474 kB)
Using cached nodeenv-1.11.0-py2.py3-none-any.whl (34 kB)
Using cached numpy-2.5.3-cp314-cp314-macosx_14_0_arm64.whl (5.4 MB)
Using cached packaging-26.3-py3-none-any.whl (129 kB)
Using cached pandas-3.0.6-cp314-cp314-macosx_11_0_arm64.whl (10.2 MB)
Using cached pillow-12.3.0-cp314-cp314-macosx_11_0_arm64.whl (4.8 MB)
Using cached platformdirs-4.12.3-py3-none-any.whl (32 kB)
Using cached pluggy-1.6.0-py3-none-any.whl (20 kB)
Using cached pre_commit-4.6.2-py2.py3-none-any.whl (226 kB)
Using cached protobuf-7.36.2-cp310-abi3-macosx_10_9_universal2.whl (456 kB)
Using cached pyarrow-25.0.1-cp314-cp314-macosx_12_0_arm64.whl (35.9 MB)
Using cached pydeck-0.9.3-py2.py3-none-any.whl (11.4 MB)
Using cached pygments-2.21.0-py3-none-any.whl (1.3 MB)
Using cached pytest_cov-7.1.0-py3-none-any.whl (22 kB)
Using cached pytest-9.1.1-py3-none-any.whl (386 kB)
Using cached python_dateutil-2.9.0.post0-py2.py3-none-any.whl (229 kB)
Using cached python_discovery-1.6.1-py3-none-any.whl (38 kB)
Using cached python_multipart-0.0.32-py3-none-any.whl (30 kB)
Using cached pyyaml-6.0.3-cp314-cp314-macosx_11_0_arm64.whl (173 kB)
Using cached referencing-0.37.0-py3-none-any.whl (26 kB)
Using cached requests-2.34.2-py3-none-any.whl (73 kB)
Using cached urllib3-2.8.0-py3-none-any.whl (135 kB)
Using cached rpds_py-2026.6.3-cp314-cp314-macosx_11_0_arm64.whl (339 kB)
Using cached ruff-0.16.10-py3-none-macosx_11_0_arm64.whl (9.8 MB)
Using cached scikit_learn-1.9.1-cp314-cp314-macosx_12_0_arm64.whl (8.3 MB)
Using cached scipy-1.18.1-cp314-cp314-macosx_14_0_arm64.whl (20.5 MB)
Downloading setuptools-81.0.0-py3-none-any.whl (1.1 MB)
   ━━━━━━━━━━━━━━━━━━━━━━━━━━━━━━━━━━━━━━━━ 1.1/1.1 MB 7.0 MB/s  0:00:00
Using cached six-1.17.0-py2.py3-none-any.whl (11 kB)
Using cached starlette-1.7.0-py3-none-any.whl (78 kB)
Using cached streamlit-1.65.0-py3-none-any.whl (10.3 MB)
Using cached toml-0.10.2-py2.py3-none-any.whl (16 kB)
Using cached typing_extensions-4.16.0-py3-none-any.whl (45 kB)
Using cached uvicorn-0.54.0-py3-none-any.whl (87 kB)
Using cached websockets-17.2-cp314-cp314-macosx_11_0_arm64.whl (215 kB)
Using cached threadpoolctl-3.7.0-py3-none-any.whl (26 kB)
Using cached virtualenv-21.14.5-py3-none-any.whl (5.5 MB)
Installing collected packages: distlib, websockets, urllib3, typing_extensions, toml, threadpoolctl, six, setuptools, ruff, rpds-py, PyYAML, python-multipart, Pygments, pyarrow, protobuf, pluggy, platformdirs, pillow, packaging, numpy, nodeenv, narwhals, MarkupSafe, itsdangerous, iniconfig, idna, identify, httptools, h11, filelock, duckdb, coverage, cloudpickle, click, charset-normalizer, cfgv, certifi, attrs, uvicorn, scipy, requests, referencing, python-discovery, python-dateutil, pytest, joblib, Jinja2, anyio, virtualenv, starlette, scikit-learn, pytest-cov, pydeck, pandas, jsonschema-specifications, pre_commit, jsonschema, altair, streamlit

Successfully installed Jinja2-3.1.6 MarkupSafe-3.0.4 PyYAML-6.0.3 Pygments-2.21.0 altair-6.3.0 anyio-4.15.1 attrs-26.1.0 certifi-2026.7.22 cfgv-3.5.0 charset-normalizer-3.5.2 click-8.5.0 cloudpickle-3.1.2 coverage-7.16.2 distlib-0.4.3 duckdb-1.5.6 filelock-4.0.10 h11-0.16.0 httptools-0.8.0 identify-2.6.20 idna-3.20 iniconfig-2.3.0 itsdangerous-2.2.0 joblib-1.6.0 jsonschema-4.26.0 jsonschema-specifications-2025.9.1 narwhals-2.26.0 nodeenv-1.11.0 numpy-2.5.3 packaging-26.3 pandas-3.0.6 pillow-12.3.0 platformdirs-4.12.3 pluggy-1.6.0 pre_commit-4.6.2 protobuf-7.36.2 pyarrow-25.0.1 pydeck-0.9.3 pytest-9.1.1 pytest-cov-7.1.0 python-dateutil-2.9.0.post0 python-discovery-1.6.1 python-multipart-0.0.32 referencing-0.37.0 requests-2.34.2 rpds-py-2026.6.3 ruff-0.16.10 scikit-learn-1.9.1 scipy-1.18.1 setuptools-81.0.0 six-1.17.0 starlette-1.7.0 streamlit-1.65.0 threadpoolctl-3.7.0 toml-0.10.2 typing_extensions-4.16.0 urllib3-2.8.0 uvicorn-0.54.0 virtualenv-21.14.5 websockets-17.2

[notice] A new release of pip is available: 26.0.1 -> 26.2.1
[notice] To update, run: python -m pip install --upgrade pip
python -m pip install --no-deps --no-build-isolation -e .
Obtaining file://<repository>
  Checking if build backend supports build_editable: started
  Checking if build backend supports build_editable: finished with status 'done'
  Preparing editable metadata (pyproject.toml): started
  Preparing editable metadata (pyproject.toml): finished with status 'done'
Building wheels for collected packages: trustrec
  Building editable for trustrec (pyproject.toml): started
  Building editable for trustrec (pyproject.toml): finished with status 'done'
  Created wheel for trustrec: filename=trustrec-0.1.0-0.editable-py3-none-any.whl size=2771 sha256=d8a7ea810ec1f4d04d7505e87155b8f510f8aa316b4ff6aeff04d589dcf34ca0
  Stored in directory: <temporary-cache>/pip-ephem-wheel-cache-3eh5rv4w/wheels/9e/5d/3b/722d85d05cb7d8473d57af85123cc0ee70c123ed76f69ace18
Successfully built trustrec
Installing collected packages: trustrec
Successfully installed trustrec-0.1.0

[notice] A new release of pip is available: 26.0.1 -> 26.2.1
[notice] To update, run: python -m pip install --upgrade pip
